@0 +0
/tb_ppu_controller/UUT/clk 0
/tb_ppu_controller/UUT/start 0
/tb_ppu_controller/UUT/reset 1
/tb_ppu_controller/UUT/mem_wren_a 0
/tb_ppu_controller/UUT/mem_wren_b 0
/tb_ppu_controller/UUT/done 0
/tb_ppu_controller/UUT/operation_done U
/tb_ppu_controller/UUT/current_state IDLE
/tb_ppu_controller/UUT/next_state IDLE
/tb_ppu_controller/UUT/opcode 00000000
/tb_ppu_controller/UUT/address_a 0000000000
/tb_ppu_controller/UUT/address_b 0000000000
/tb_ppu_controller/UUT/data_a UUUUUUUUUUUUUUUU
/tb_ppu_controller/UUT/data_b 0000000000000000
/tb_ppu_controller/UUT/q_a UUUUUUUUUUUUUUUU
/tb_ppu_controller/UUT/q_b UUUUUUUUUUUUUUUU
/tb_ppu_controller/UUT/ppu_a 0000000000000000
/tb_ppu_controller/UUT/ppu_b 0000000000000000
/tb_ppu_controller/UUT/ppu_operation 00000000
/tb_ppu_controller/UUT/ppu_result 0000000000000000
/tb_ppu_controller/UUT/current_address 0000000000
/tb_ppu_controller/UUT/int_ppu_operation 00000000
/tb_ppu_controller/UUT/int_ppu_a 0000000000000000
/tb_ppu_controller/UUT/int_ppu_b 0000000000000000
/tb_ppu_controller/UUT/int_ppu_result UUUUUUUUUUUUUUUU
@0 +1
/tb_ppu_controller/UUT/ppu_result UUUUUUUUUUUUUUUU
/tb_ppu_controller/UUT/ppu_a UUUUUUUUUUUUUUUU
/tb_ppu_controller/UUT/ppu_b UUUUUUUUUUUUUUUU
/tb_ppu_controller/UUT/data_a 0000000000000000
@10000 +0
/tb_ppu_controller/UUT/clk 1
@10000 +1
/tb_ppu_controller/UUT/operation_done 0
/tb_ppu_controller/UUT/data_a 000000000000000X
/tb_ppu_controller/UUT/q_b 0000000000000000
/tb_ppu_controller/UUT/q_a 0000000000000000
@10000 +2
/tb_ppu_controller/UUT/ppu_b 0000000000000000
/tb_ppu_controller/UUT/ppu_a 0000000000000000
@20000 +0
/tb_ppu_controller/UUT/clk 0
@20000 +1
/tb_ppu_controller/UUT/data_a 00000000000000X0
@30000 +0
/tb_ppu_controller/UUT/clk 1
@30000 +1
/tb_ppu_controller/UUT/data_a 00000000000000XX
@40000 +0
/tb_ppu_controller/UUT/clk 0
@40000 +1
/tb_ppu_controller/UUT/data_a 0000000000000X00
@50000 +0
/tb_ppu_controller/UUT/clk 1
@50000 +1
/tb_ppu_controller/UUT/start 1
/tb_ppu_controller/UUT/data_a 0000000000000X0X
@60000 +0
/tb_ppu_controller/UUT/clk 0
@60000 +1
/tb_ppu_controller/UUT/data_a 0000000000000XX0
@70000 +0
/tb_ppu_controller/UUT/clk 1
@70000 +1
/tb_ppu_controller/UUT/next_state READ_FROM_MEM
/tb_ppu_controller/UUT/operation_done 1
/tb_ppu_controller/UUT/data_a 0000000000000XXX
/tb_ppu_controller/UUT/int_ppu_result 0000000000000000
@70000 +2
/tb_ppu_controller/UUT/ppu_result 0000000000000000
@80000 +0
/tb_ppu_controller/UUT/clk 0
@80000 +1
/tb_ppu_controller/UUT/data_a 000000000000X000
@90000 +0
/tb_ppu_controller/UUT/clk 1
@90000 +1
/tb_ppu_controller/UUT/current_state READ_FROM_MEM
/tb_ppu_controller/UUT/data_a 000000000000X00X
@100000 +0
/tb_ppu_controller/UUT/clk 0
@100000 +1
/tb_ppu_controller/UUT/reset 0
/tb_ppu_controller/UUT/data_a 000000000000X0X0
@100000 +2
/tb_ppu_controller/UUT/done X
/tb_ppu_controller/UUT/next_state IDLE
/tb_ppu_controller/UUT/current_state IDLE
/tb_ppu_controller/UUT/operation_done 0
@100000 +3
/tb_ppu_controller/UUT/done 0
@110000 +0
/tb_ppu_controller/UUT/clk 1
@110000 +1
/tb_ppu_controller/UUT/data_a 000000000000X0XX
@120000 +0
/tb_ppu_controller/UUT/clk 0
@120000 +1
/tb_ppu_controller/UUT/reset 1
/tb_ppu_controller/UUT/data_a 000000000000XX00
@130000 +0
/tb_ppu_controller/UUT/clk 1
@130000 +1
/tb_ppu_controller/UUT/next_state READ_FROM_MEM
/tb_ppu_controller/UUT/operation_done 1
/tb_ppu_controller/UUT/data_a 000000000000XX0X
@140000 +0
/tb_ppu_controller/UUT/clk 0
@140000 +1
/tb_ppu_controller/UUT/data_a 000000000000XXX0
@150000 +0
/tb_ppu_controller/UUT/clk 1
@150000 +1
/tb_ppu_controller/UUT/current_state READ_FROM_MEM
/tb_ppu_controller/UUT/data_a 000000000000XXXX
@160000 +0
/tb_ppu_controller/UUT/clk 0
@160000 +1
/tb_ppu_controller/UUT/data_a 00000000000X0000
@170000 +0
/tb_ppu_controller/UUT/clk 1
@170000 +1
/tb_ppu_controller/UUT/next_state COMPUTE
/tb_ppu_controller/UUT/data_a 00000000000X000X
@180000 +0
/tb_ppu_controller/UUT/clk 0
@180000 +1
/tb_ppu_controller/UUT/data_a 00000000000X00X0
@190000 +0
/tb_ppu_controller/UUT/clk 1
@190000 +1
/tb_ppu_controller/UUT/current_state COMPUTE
/tb_ppu_controller/UUT/data_a 00000000000X00XX
@200000 +0
/tb_ppu_controller/UUT/clk 0
@200000 +1
/tb_ppu_controller/UUT/data_a 00000000000X0X00
